Bad qualifier	Line 12	ID
Bad qualifier	Line 13	phrog
Bad qualifier	Line 14	top_hit
Bad qualifier	Line 18	source
Bad qualifier	Line 19	score
Bad qualifier	Line 20	phase
Bad qualifier	Line 31	ID
Bad qualifier	Line 32	phrog
Bad qualifier	Line 33	top_hit
Bad qualifier	Line 37	source
Bad qualifier	Line 38	score
Bad qualifier	Line 39	phase
Bad qualifier	Line 44	ID
Bad qualifier	Line 45	phrog
Bad qualifier	Line 46	top_hit
Bad qualifier	Line 50	source
Bad qualifier	Line 51	score
Bad qualifier	Line 52	phase
Bad qualifier	Line 56	ID
Bad qualifier	Line 57	phrog
Bad qualifier	Line 58	top_hit
Bad qualifier	Line 62	source
Bad qualifier	Line 63	score
Bad qualifier	Line 64	phase
Bad qualifier	Line 69	ID
Bad qualifier	Line 70	phrog
Bad qualifier	Line 71	top_hit
Bad qualifier	Line 75	source
Bad qualifier	Line 76	score
Bad qualifier	Line 77	phase
Bad qualifier	Line 82	ID
Bad qualifier	Line 83	phrog
Bad qualifier	Line 84	top_hit
Bad qualifier	Line 88	source
Bad qualifier	Line 89	score
Bad qualifier	Line 90	phase
Bad qualifier	Line 97	ID
Bad qualifier	Line 98	phrog
Bad qualifier	Line 99	top_hit
Bad qualifier	Line 103	source
Bad qualifier	Line 104	score
Bad qualifier	Line 105	phase
Bad qualifier	Line 110	ID
Bad qualifier	Line 111	phrog
Bad qualifier	Line 112	top_hit
Bad qualifier	Line 116	source
Bad qualifier	Line 117	score
Bad qualifier	Line 118	phase
Bad qualifier	Line 125	ID
Bad qualifier	Line 126	phrog
Bad qualifier	Line 127	top_hit
Bad qualifier	Line 131	source
Bad qualifier	Line 132	score
Bad qualifier	Line 133	phase
Bad qualifier	Line 136	ID
Bad qualifier	Line 137	phrog
Bad qualifier	Line 138	top_hit
Bad qualifier	Line 142	source
Bad qualifier	Line 143	score
Bad qualifier	Line 144	phase
Bad qualifier	Line 152	ID
Bad qualifier	Line 153	phrog
Bad qualifier	Line 154	top_hit
Bad qualifier	Line 158	source
Bad qualifier	Line 159	score
Bad qualifier	Line 160	phase
Bad qualifier	Line 163	ID
Bad qualifier	Line 164	phrog
Bad qualifier	Line 165	top_hit
Bad qualifier	Line 169	source
Bad qualifier	Line 170	score
Bad qualifier	Line 171	phase
Bad qualifier	Line 176	ID
Bad qualifier	Line 177	phrog
Bad qualifier	Line 178	top_hit
Bad qualifier	Line 182	source
Bad qualifier	Line 183	score
Bad qualifier	Line 184	phase
Bad qualifier	Line 188	ID
Bad qualifier	Line 189	phrog
Bad qualifier	Line 190	top_hit
Bad qualifier	Line 194	source
Bad qualifier	Line 195	score
Bad qualifier	Line 196	phase
Bad qualifier	Line 201	ID
Bad qualifier	Line 202	phrog
Bad qualifier	Line 203	top_hit
Bad qualifier	Line 207	source
Bad qualifier	Line 208	score
Bad qualifier	Line 209	phase
Bad qualifier	Line 214	ID
Bad qualifier	Line 215	phrog
Bad qualifier	Line 216	top_hit
Bad qualifier	Line 220	source
Bad qualifier	Line 221	score
Bad qualifier	Line 222	phase
Bad qualifier	Line 227	ID
Bad qualifier	Line 228	phrog
Bad qualifier	Line 229	top_hit
Bad qualifier	Line 233	source
Bad qualifier	Line 234	score
Bad qualifier	Line 235	phase
Bad qualifier	Line 238	ID
Bad qualifier	Line 239	phrog
Bad qualifier	Line 240	top_hit
Bad qualifier	Line 244	source
Bad qualifier	Line 245	score
Bad qualifier	Line 246	phase
Bad qualifier	Line 262	ID
Bad qualifier	Line 263	phrog
Bad qualifier	Line 264	top_hit
Bad qualifier	Line 268	source
Bad qualifier	Line 269	score
Bad qualifier	Line 270	phase
Bad qualifier	Line 277	ID
Bad qualifier	Line 278	phrog
Bad qualifier	Line 279	top_hit
Bad qualifier	Line 283	source
Bad qualifier	Line 284	score
Bad qualifier	Line 285	phase
Bad qualifier	Line 289	ID
Bad qualifier	Line 290	phrog
Bad qualifier	Line 291	top_hit
Bad qualifier	Line 295	source
Bad qualifier	Line 296	score
Bad qualifier	Line 297	phase
Bad qualifier	Line 301	ID
Bad qualifier	Line 302	phrog
Bad qualifier	Line 303	top_hit
Bad qualifier	Line 307	source
Bad qualifier	Line 308	score
Bad qualifier	Line 309	phase
Bad qualifier	Line 312	ID
Bad qualifier	Line 313	phrog
Bad qualifier	Line 314	top_hit
Bad qualifier	Line 318	source
Bad qualifier	Line 319	score
Bad qualifier	Line 320	phase
Bad qualifier	Line 324	ID
Bad qualifier	Line 325	phrog
Bad qualifier	Line 326	top_hit
Bad qualifier	Line 330	source
Bad qualifier	Line 331	score
Bad qualifier	Line 332	phase
Bad qualifier	Line 343	ID
Bad qualifier	Line 344	phrog
Bad qualifier	Line 345	top_hit
Bad qualifier	Line 349	source
Bad qualifier	Line 350	score
Bad qualifier	Line 351	phase
Bad qualifier	Line 357	ID
Bad qualifier	Line 358	phrog
Bad qualifier	Line 359	top_hit
Bad qualifier	Line 363	source
Bad qualifier	Line 364	score
Bad qualifier	Line 365	phase
Bad qualifier	Line 374	ID
Bad qualifier	Line 375	phrog
Bad qualifier	Line 376	top_hit
Bad qualifier	Line 380	source
Bad qualifier	Line 381	score
Bad qualifier	Line 382	phase
Bad qualifier	Line 387	ID
Bad qualifier	Line 388	phrog
Bad qualifier	Line 389	top_hit
Bad qualifier	Line 393	source
Bad qualifier	Line 394	score
Bad qualifier	Line 395	phase
Bad qualifier	Line 400	ID
Bad qualifier	Line 401	phrog
Bad qualifier	Line 402	top_hit
Bad qualifier	Line 406	source
Bad qualifier	Line 407	score
Bad qualifier	Line 408	phase
Bad qualifier	Line 413	ID
Bad qualifier	Line 414	phrog
Bad qualifier	Line 415	top_hit
Bad qualifier	Line 419	source
Bad qualifier	Line 420	score
Bad qualifier	Line 421	phase
Bad qualifier	Line 427	ID
Bad qualifier	Line 428	phrog
Bad qualifier	Line 429	top_hit
Bad qualifier	Line 433	source
Bad qualifier	Line 434	score
Bad qualifier	Line 435	phase
Bad qualifier	Line 441	ID
Bad qualifier	Line 442	phrog
Bad qualifier	Line 443	top_hit
Bad qualifier	Line 447	source
Bad qualifier	Line 448	score
Bad qualifier	Line 449	phase
Bad qualifier	Line 460	ID
Bad qualifier	Line 461	phrog
Bad qualifier	Line 462	top_hit
Bad qualifier	Line 466	source
Bad qualifier	Line 467	score
Bad qualifier	Line 468	phase
Bad qualifier	Line 473	ID
Bad qualifier	Line 474	phrog
Bad qualifier	Line 475	top_hit
Bad qualifier	Line 479	source
Bad qualifier	Line 480	score
Bad qualifier	Line 481	phase
Bad qualifier	Line 486	ID
Bad qualifier	Line 487	phrog
Bad qualifier	Line 488	top_hit
Bad qualifier	Line 492	source
Bad qualifier	Line 493	score
Bad qualifier	Line 494	phase
Bad qualifier	Line 499	ID
Bad qualifier	Line 500	phrog
Bad qualifier	Line 501	top_hit
Bad qualifier	Line 505	source
Bad qualifier	Line 506	score
Bad qualifier	Line 507	phase
Bad qualifier	Line 512	ID
Bad qualifier	Line 513	phrog
Bad qualifier	Line 514	top_hit
Bad qualifier	Line 518	source
Bad qualifier	Line 519	score
Bad qualifier	Line 520	phase
Bad qualifier	Line 526	ID
Bad qualifier	Line 527	phrog
Bad qualifier	Line 528	top_hit
Bad qualifier	Line 532	source
Bad qualifier	Line 533	score
Bad qualifier	Line 534	phase
Bad qualifier	Line 540	ID
Bad qualifier	Line 541	phrog
Bad qualifier	Line 542	top_hit
Bad qualifier	Line 546	source
Bad qualifier	Line 547	score
Bad qualifier	Line 548	phase
Bad qualifier	Line 554	ID
Bad qualifier	Line 555	phrog
Bad qualifier	Line 556	top_hit
Bad qualifier	Line 560	source
Bad qualifier	Line 561	score
Bad qualifier	Line 562	phase
Bad qualifier	Line 567	ID
Bad qualifier	Line 568	phrog
Bad qualifier	Line 569	top_hit
Bad qualifier	Line 573	source
Bad qualifier	Line 574	score
Bad qualifier	Line 575	phase
Bad qualifier	Line 592	ID
Bad qualifier	Line 593	phrog
Bad qualifier	Line 594	top_hit
Bad qualifier	Line 598	source
Bad qualifier	Line 599	score
Bad qualifier	Line 600	phase
Bad qualifier	Line 608	ID
Bad qualifier	Line 609	phrog
Bad qualifier	Line 610	top_hit
Bad qualifier	Line 614	source
Bad qualifier	Line 615	score
Bad qualifier	Line 616	phase
Bad qualifier	Line 622	ID
Bad qualifier	Line 623	phrog
Bad qualifier	Line 624	top_hit
Bad qualifier	Line 628	source
Bad qualifier	Line 629	score
Bad qualifier	Line 630	phase
Bad qualifier	Line 636	ID
Bad qualifier	Line 637	phrog
Bad qualifier	Line 638	top_hit
Bad qualifier	Line 642	source
Bad qualifier	Line 643	score
Bad qualifier	Line 644	phase
Bad qualifier	Line 647	ID
Bad qualifier	Line 648	phrog
Bad qualifier	Line 649	top_hit
Bad qualifier	Line 653	source
Bad qualifier	Line 654	score
Bad qualifier	Line 655	phase
Bad qualifier	Line 665	ID
Bad qualifier	Line 666	phrog
Bad qualifier	Line 667	top_hit
Bad qualifier	Line 671	source
Bad qualifier	Line 672	score
Bad qualifier	Line 673	phase
Bad qualifier	Line 684	ID
Bad qualifier	Line 685	phrog
Bad qualifier	Line 686	top_hit
Bad qualifier	Line 690	source
Bad qualifier	Line 691	score
Bad qualifier	Line 692	phase
Bad qualifier	Line 711	ID
Bad qualifier	Line 712	phrog
Bad qualifier	Line 713	top_hit
Bad qualifier	Line 717	source
Bad qualifier	Line 718	score
Bad qualifier	Line 719	phase
Bad qualifier	Line 724	ID
Bad qualifier	Line 725	phrog
Bad qualifier	Line 726	top_hit
Bad qualifier	Line 730	source
Bad qualifier	Line 731	score
Bad qualifier	Line 732	phase
Bad qualifier	Line 738	ID
Bad qualifier	Line 739	phrog
Bad qualifier	Line 740	top_hit
Bad qualifier	Line 744	source
Bad qualifier	Line 745	score
Bad qualifier	Line 746	phase
Bad qualifier	Line 750	ID
Bad qualifier	Line 751	phrog
Bad qualifier	Line 752	top_hit
Bad qualifier	Line 756	source
Bad qualifier	Line 757	score
Bad qualifier	Line 758	phase
Bad qualifier	Line 762	ID
Bad qualifier	Line 763	phrog
Bad qualifier	Line 764	top_hit
Bad qualifier	Line 769	source
Bad qualifier	Line 770	score
Bad qualifier	Line 771	phase
Bad qualifier	Line 779	ID
Bad qualifier	Line 780	phrog
Bad qualifier	Line 781	top_hit
Bad qualifier	Line 785	source
Bad qualifier	Line 786	score
Bad qualifier	Line 787	phase
Bad qualifier	Line 793	ID
Bad qualifier	Line 794	phrog
Bad qualifier	Line 795	top_hit
Bad qualifier	Line 799	source
Bad qualifier	Line 800	score
Bad qualifier	Line 801	phase
Bad qualifier	Line 807	ID
Bad qualifier	Line 808	phrog
Bad qualifier	Line 809	top_hit
Bad qualifier	Line 813	source
Bad qualifier	Line 814	score
Bad qualifier	Line 815	phase
Bad qualifier	Line 823	ID
Bad qualifier	Line 824	phrog
Bad qualifier	Line 825	top_hit
Bad qualifier	Line 829	source
Bad qualifier	Line 830	score
Bad qualifier	Line 831	phase
Bad qualifier	Line 837	ID
Bad qualifier	Line 838	phrog
Bad qualifier	Line 839	top_hit
Bad qualifier	Line 844	source
Bad qualifier	Line 845	score
Bad qualifier	Line 846	phase
Bad qualifier	Line 858	ID
Bad qualifier	Line 859	phrog
Bad qualifier	Line 860	top_hit
Bad qualifier	Line 865	source
Bad qualifier	Line 866	score
Bad qualifier	Line 867	phase
Bad qualifier	Line 872	ID
Bad qualifier	Line 873	phrog
Bad qualifier	Line 874	top_hit
Bad qualifier	Line 879	source
Bad qualifier	Line 880	score
Bad qualifier	Line 881	phase
Bad qualifier	Line 901	ID
Bad qualifier	Line 902	phrog
Bad qualifier	Line 903	top_hit
Bad qualifier	Line 908	source
Bad qualifier	Line 909	score
Bad qualifier	Line 910	phase
Bad qualifier	Line 916	ID
Bad qualifier	Line 917	phrog
Bad qualifier	Line 918	top_hit
Bad qualifier	Line 922	source
Bad qualifier	Line 923	score
Bad qualifier	Line 924	phase
Bad qualifier	Line 932	ID
Bad qualifier	Line 933	phrog
Bad qualifier	Line 934	top_hit
Bad qualifier	Line 938	source
Bad qualifier	Line 939	score
Bad qualifier	Line 940	phase
Bad qualifier	Line 943	ID
Bad qualifier	Line 944	phrog
Bad qualifier	Line 945	top_hit
Bad qualifier	Line 949	source
Bad qualifier	Line 950	score
Bad qualifier	Line 951	phase
Bad qualifier	Line 962	ID
Bad qualifier	Line 963	phrog
Bad qualifier	Line 964	top_hit
Bad qualifier	Line 968	source
Bad qualifier	Line 969	score
Bad qualifier	Line 970	phase
Bad qualifier	Line 974	ID
Bad qualifier	Line 975	phrog
Bad qualifier	Line 976	top_hit
Bad qualifier	Line 980	source
Bad qualifier	Line 981	score
Bad qualifier	Line 982	phase
Bad qualifier	Line 986	ID
Bad qualifier	Line 987	phrog
Bad qualifier	Line 988	top_hit
Bad qualifier	Line 992	source
Bad qualifier	Line 993	score
Bad qualifier	Line 994	phase
Bad qualifier	Line 998	ID
Bad qualifier	Line 999	phrog
Bad qualifier	Line 1000	top_hit
Bad qualifier	Line 1004	source
Bad qualifier	Line 1005	score
Bad qualifier	Line 1006	phase
Bad qualifier	Line 1014	ID
Bad qualifier	Line 1015	phrog
Bad qualifier	Line 1016	top_hit
Bad qualifier	Line 1020	source
Bad qualifier	Line 1021	score
Bad qualifier	Line 1022	phase
Bad qualifier	Line 1030	ID
Bad qualifier	Line 1031	phrog
Bad qualifier	Line 1032	top_hit
Bad qualifier	Line 1037	source
Bad qualifier	Line 1038	score
Bad qualifier	Line 1039	phase
Bad qualifier	Line 1048	ID
Bad qualifier	Line 1049	phrog
Bad qualifier	Line 1050	top_hit
Bad qualifier	Line 1054	source
Bad qualifier	Line 1055	score
Bad qualifier	Line 1056	phase
Bad qualifier	Line 1061	ID
Bad qualifier	Line 1062	phrog
Bad qualifier	Line 1063	top_hit
Bad qualifier	Line 1067	source
Bad qualifier	Line 1068	score
Bad qualifier	Line 1069	phase
Bad qualifier	Line 1072	ID
Bad qualifier	Line 1073	phrog
Bad qualifier	Line 1074	top_hit
Bad qualifier	Line 1078	source
Bad qualifier	Line 1079	score
Bad qualifier	Line 1080	phase
Bad qualifier	Line 1087	ID
Bad qualifier	Line 1088	phrog
Bad qualifier	Line 1089	top_hit
Bad qualifier	Line 1093	source
Bad qualifier	Line 1094	score
Bad qualifier	Line 1095	phase
Bad qualifier	Line 1106	ID
Bad qualifier	Line 1107	phrog
Bad qualifier	Line 1108	top_hit
Bad qualifier	Line 1112	source
Bad qualifier	Line 1113	score
Bad qualifier	Line 1114	phase
Bad qualifier	Line 1119	ID
Bad qualifier	Line 1120	phrog
Bad qualifier	Line 1121	top_hit
Bad qualifier	Line 1126	source
Bad qualifier	Line 1127	score
Bad qualifier	Line 1128	phase
Bad qualifier	Line 1137	ID
Bad qualifier	Line 1138	phrog
Bad qualifier	Line 1139	top_hit
Bad qualifier	Line 1143	source
Bad qualifier	Line 1144	score
Bad qualifier	Line 1145	phase
Bad qualifier	Line 1149	ID
Bad qualifier	Line 1150	phrog
Bad qualifier	Line 1151	top_hit
Bad qualifier	Line 1156	source
Bad qualifier	Line 1157	score
Bad qualifier	Line 1158	phase
Bad qualifier	Line 1171	ID
Bad qualifier	Line 1172	phrog
Bad qualifier	Line 1173	top_hit
Bad qualifier	Line 1177	source
Bad qualifier	Line 1178	score
Bad qualifier	Line 1179	phase
Bad qualifier	Line 1182	ID
Bad qualifier	Line 1183	phrog
Bad qualifier	Line 1184	top_hit
Bad qualifier	Line 1188	source
Bad qualifier	Line 1189	score
Bad qualifier	Line 1190	phase
Bad qualifier	Line 1193	ID
Bad qualifier	Line 1194	phrog
Bad qualifier	Line 1195	top_hit
Bad qualifier	Line 1199	source
Bad qualifier	Line 1200	score
Bad qualifier	Line 1201	phase
Bad qualifier	Line 1205	ID
Bad qualifier	Line 1206	phrog
Bad qualifier	Line 1207	top_hit
Bad qualifier	Line 1211	source
Bad qualifier	Line 1212	score
Bad qualifier	Line 1213	phase
Bad qualifier	Line 1217	ID
Bad qualifier	Line 1218	phrog
Bad qualifier	Line 1219	top_hit
Bad qualifier	Line 1223	source
Bad qualifier	Line 1224	score
Bad qualifier	Line 1225	phase
Bad qualifier	Line 1228	ID
Bad qualifier	Line 1229	phrog
Bad qualifier	Line 1230	top_hit
Bad qualifier	Line 1234	source
Bad qualifier	Line 1235	score
Bad qualifier	Line 1236	phase
Bad qualifier	Line 1240	ID
Bad qualifier	Line 1241	phrog
Bad qualifier	Line 1242	top_hit
Bad qualifier	Line 1246	source
Bad qualifier	Line 1247	score
Bad qualifier	Line 1248	phase
Bad qualifier	Line 1254	ID
Bad qualifier	Line 1255	phrog
Bad qualifier	Line 1256	top_hit
Bad qualifier	Line 1260	source
Bad qualifier	Line 1261	score
Bad qualifier	Line 1262	phase
Bad qualifier	Line 1265	ID
Bad qualifier	Line 1266	phrog
Bad qualifier	Line 1267	top_hit
Bad qualifier	Line 1271	source
Bad qualifier	Line 1272	score
Bad qualifier	Line 1273	phase
Bad qualifier	Line 1279	ID
Bad qualifier	Line 1280	phrog
Bad qualifier	Line 1281	top_hit
Bad qualifier	Line 1285	source
Bad qualifier	Line 1286	score
Bad qualifier	Line 1287	phase
Bad qualifier	Line 1291	ID
Bad qualifier	Line 1292	phrog
Bad qualifier	Line 1293	top_hit
Bad qualifier	Line 1297	source
Bad qualifier	Line 1298	score
Bad qualifier	Line 1299	phase
Bad qualifier	Line 1306	ID
Bad qualifier	Line 1307	phrog
Bad qualifier	Line 1308	top_hit
Bad qualifier	Line 1312	source
Bad qualifier	Line 1313	score
Bad qualifier	Line 1314	phase
Bad qualifier	Line 1318	ID
Bad qualifier	Line 1319	phrog
Bad qualifier	Line 1320	top_hit
Bad qualifier	Line 1324	source
Bad qualifier	Line 1325	score
Bad qualifier	Line 1326	phase
Bad qualifier	Line 1330	ID
Bad qualifier	Line 1331	phrog
Bad qualifier	Line 1332	top_hit
Bad qualifier	Line 1336	source
Bad qualifier	Line 1337	score
Bad qualifier	Line 1338	phase
Bad qualifier	Line 1342	ID
Bad qualifier	Line 1343	phrog
Bad qualifier	Line 1344	top_hit
Bad qualifier	Line 1348	source
Bad qualifier	Line 1349	score
Bad qualifier	Line 1350	phase
Bad qualifier	Line 1355	ID
Bad qualifier	Line 1356	phrog
Bad qualifier	Line 1357	top_hit
Bad qualifier	Line 1361	source
Bad qualifier	Line 1362	score
Bad qualifier	Line 1363	phase
Bad qualifier	Line 1370	ID
Bad qualifier	Line 1371	phrog
Bad qualifier	Line 1372	top_hit
Bad qualifier	Line 1376	source
Bad qualifier	Line 1377	score
Bad qualifier	Line 1378	phase
Bad qualifier	Line 1382	ID
Bad qualifier	Line 1383	phrog
Bad qualifier	Line 1384	top_hit
Bad qualifier	Line 1388	source
Bad qualifier	Line 1389	score
Bad qualifier	Line 1390	phase
Bad qualifier	Line 1394	ID
Bad qualifier	Line 1395	phrog
Bad qualifier	Line 1396	top_hit
Bad qualifier	Line 1400	source
Bad qualifier	Line 1401	score
Bad qualifier	Line 1402	phase
Bad qualifier	Line 1407	ID
Bad qualifier	Line 1408	phrog
Bad qualifier	Line 1409	top_hit
Bad qualifier	Line 1413	source
Bad qualifier	Line 1414	score
Bad qualifier	Line 1415	phase
Bad qualifier	Line 1422	ID
Bad qualifier	Line 1423	phrog
Bad qualifier	Line 1424	top_hit
Bad qualifier	Line 1428	source
Bad qualifier	Line 1429	score
Bad qualifier	Line 1430	phase
Bad qualifier	Line 1434	ID
Bad qualifier	Line 1435	phrog
Bad qualifier	Line 1436	top_hit
Bad qualifier	Line 1440	source
Bad qualifier	Line 1441	score
Bad qualifier	Line 1442	phase
Bad qualifier	Line 1446	ID
Bad qualifier	Line 1447	phrog
Bad qualifier	Line 1448	top_hit
Bad qualifier	Line 1452	source
Bad qualifier	Line 1453	score
Bad qualifier	Line 1454	phase
Bad qualifier	Line 1458	ID
Bad qualifier	Line 1459	phrog
Bad qualifier	Line 1460	top_hit
Bad qualifier	Line 1464	source
Bad qualifier	Line 1465	score
Bad qualifier	Line 1466	phase
